// Jest Snapshot v1, https://goo.gl/fbAQLP

exports[`<Footer /> matches snapshot 1`] = `
<footer
  className="site-footer"
>
  <div
    className="footer-top"
  >
    <div
      className="footer-desc-col"
    >
      <p>
        footer.tax-exempt-status
      </p>
      <p>
        footer.mission-statement
      </p>
      <p>
        footer.donation-initiatives
      </p>
      <p
        className="footer-donation"
      >
        You can
        <a
          className="inline"
          href="/donate"
        >
          make a tax-deductible donation here
        </a>
        .
      </p>
    </div>
    <div
      className="trending-guides"
    >
      <h2
        className="col-header"
        id="trending-guides"
      >
        footer.trending-guides
      </h2>
      <ul
        aria-labelledby="trending-guides"
        className="trending-guides-articles"
      >
        <li>
          <a
            href="trending:article0link"
            rel="noopener noreferrer"
            target="_blank"
          >
            trending:article0title
          </a>
        </li>
        <li>
          <a
            href="trending:article1link"
            rel="noopener noreferrer"
            target="_blank"
          >
            trending:article1title
          </a>
        </li>
        <li>
          <a
            href="trending:article2link"
            rel="noopener noreferrer"
            target="_blank"
          >
            trending:article2title
          </a>
        </li>
        <li>
          <a
            href="trending:article3link"
            rel="noopener noreferrer"
            target="_blank"
          >
            trending:article3title
          </a>
        </li>
        <li>
          <a
            href="trending:article4link"
            rel="noopener noreferrer"
            target="_blank"
          >
            trending:article4title
          </a>
        </li>
        <li>
          <a
            href="trending:article5link"
            rel="noopener noreferrer"
            target="_blank"
          >
            trending:article5title
          </a>
        </li>
        <li>
          <a
            href="trending:article6link"
            rel="noopener noreferrer"
            target="_blank"
          >
            trending:article6title
          </a>
        </li>
        <li>
          <a
            href="trending:article7link"
            rel="noopener noreferrer"
            target="_blank"
          >
            trending:article7title
          </a>
        </li>
        <li>
          <a
            href="trending:article8link"
            rel="noopener noreferrer"
            target="_blank"
          >
            trending:article8title
          </a>
        </li>
        <li>
          <a
            href="trending:article9link"
            rel="noopener noreferrer"
            target="_blank"
          >
            trending:article9title
          </a>
        </li>
        <li>
          <a
            href="trending:article10link"
            rel="noopener noreferrer"
            target="_blank"
          >
            trending:article10title
          </a>
        </li>
        <li>
          <a
            href="trending:article11link"
            rel="noopener noreferrer"
            target="_blank"
          >
            trending:article11title
          </a>
        </li>
        <li>
          <a
            href="trending:article12link"
            rel="noopener noreferrer"
            target="_blank"
          >
            trending:article12title
          </a>
        </li>
        <li>
          <a
            href="trending:article13link"
            rel="noopener noreferrer"
            target="_blank"
          >
            trending:article13title
          </a>
        </li>
        <li>
          <a
            href="trending:article14link"
            rel="noopener noreferrer"
            target="_blank"
          >
            trending:article14title
          </a>
        </li>
        <li>
          <a
            href="trending:article15link"
            rel="noopener noreferrer"
            target="_blank"
          >
            trending:article15title
          </a>
        </li>
        <li>
          <a
            href="trending:article16link"
            rel="noopener noreferrer"
            target="_blank"
          >
            trending:article16title
          </a>
        </li>
        <li>
          <a
            href="trending:article17link"
            rel="noopener noreferrer"
            target="_blank"
          >
            trending:article17title
          </a>
        </li>
        <li>
          <a
            href="trending:article18link"
            rel="noopener noreferrer"
            target="_blank"
          >
            trending:article18title
          </a>
        </li>
        <li>
          <a
            href="trending:article19link"
            rel="noopener noreferrer"
            target="_blank"
          >
            trending:article19title
          </a>
        </li>
        <li>
          <a
            href="trending:article20link"
            rel="noopener noreferrer"
            target="_blank"
          >
            trending:article20title
          </a>
        </li>
        <li>
          <a
            href="trending:article21link"
            rel="noopener noreferrer"
            target="_blank"
          >
            trending:article21title
          </a>
        </li>
        <li>
          <a
            href="trending:article22link"
            rel="noopener noreferrer"
            target="_blank"
          >
            trending:article22title
          </a>
        </li>
        <li>
          <a
            href="trending:article23link"
            rel="noopener noreferrer"
            target="_blank"
          >
            trending:article23title
          </a>
        </li>
        <li>
          <a
            href="trending:article24link"
            rel="noopener noreferrer"
            target="_blank"
          >
            trending:article24title
          </a>
        </li>
        <li>
          <a
            href="trending:article25link"
            rel="noopener noreferrer"
            target="_blank"
          >
            trending:article25title
          </a>
        </li>
        <li>
          <a
            href="trending:article26link"
            rel="noopener noreferrer"
            target="_blank"
          >
            trending:article26title
          </a>
        </li>
        <li>
          <a
            href="trending:article27link"
            rel="noopener noreferrer"
            target="_blank"
          >
            trending:article27title
          </a>
        </li>
        <li>
          <a
            href="trending:article28link"
            rel="noopener noreferrer"
            target="_blank"
          >
            trending:article28title
          </a>
        </li>
        <li>
          <a
            href="trending:article29link"
            rel="noopener noreferrer"
            target="_blank"
          >
            trending:article29title
          </a>
        </li>
      </ul>
      <div
        className="h-[30px]"
      />
      <div>
        <h2
          className="col-header"
          id="mobile-app"
        >
          footer.mobile-app
        </h2>
        <div
          className=" min-h-[1px] px-[15px]  md:w-2/3    md:ml-[16.6%]   "
        >
          <ul
            aria-labelledby="mobile-app"
            className="mobile-app-container"
          >
            <li>
              <a
                href="https://apps.apple.com/us/app/freecodecamp/id6446908151?itsct=apps_box_link&itscg=30200"
                rel="noopener noreferrer"
                target="_blank"
              >
                <img
                  alt="Download on the App Store"
                  lang="en"
                  src={{}}
                />
              </a>
            </li>
            <li>
              <a
                href="https://play.google.com/store/apps/details?id=org.freecodecamp"
                rel="noopener noreferrer"
                target="_blank"
              >
                <img
                  alt="Get it on Google Play"
                  lang="en"
                  src={{}}
                />
              </a>
            </li>
          </ul>
        </div>
      </div>
    </div>
  </div>
  <div
    className="footer-bottom"
  >
    <h2
      className="col-header"
    >
      footer.our-nonprofit
    </h2>
    <div
      className="our-nonprofit"
    >
      <a
        href="links:footer.about-url"
        rel="noopener noreferrer"
        target="_blank"
      >
        footer.links.about
      </a>
      <a
        href="https://www.linkedin.com/school/free-code-camp/people/"
        rel="noopener noreferrer"
        target="_blank"
      >
        footer.links.alumni
      </a>
      <a
        href="https://github.com/freeCodeCamp/"
        rel="noopener noreferrer"
        target="_blank"
      >
        footer.links.open-source
      </a>
      <a
        href="links:footer.shop-url"
        rel="noopener noreferrer"
        target="_blank"
      >
        footer.links.shop
      </a>
      <a
        href="links:footer.support-url"
        rel="noopener noreferrer"
        target="_blank"
      >
        footer.links.support
      </a>
      <a
        href="links:footer.sponsors-url"
        rel="noopener noreferrer"
        target="_blank"
      >
        footer.links.sponsors
      </a>
      <a
        href="links:footer.honesty-url"
        rel="noopener noreferrer"
        target="_blank"
      >
        footer.links.honesty
      </a>
      <a
        href="links:footer.coc-url"
        rel="noopener noreferrer"
        target="_blank"
      >
        footer.links.coc
      </a>
      <a
        href="links:footer.privacy-url"
        rel="noopener noreferrer"
        target="_blank"
      >
        footer.links.privacy
      </a>
      <a
        href="links:footer.tos-url"
        rel="noopener noreferrer"
        target="_blank"
      >
        footer.links.tos
      </a>
      <a
        href="links:footer.copyright-url"
        rel="noopener noreferrer"
        target="_blank"
      >
        footer.links.copyright
      </a>
    </div>
  </div>
</footer>
`;
