// Jest Snapshot v1, https://goo.gl/fbAQLP

exports[`getSection should match the hints snapshot 1`] = `
[
  {
    "children": [
      {
        "position": {
          "end": {
            "column": 11,
            "line": 19,
            "offset": 142,
          },
          "start": {
            "column": 1,
            "line": 19,
            "offset": 132,
          },
        },
        "type": "text",
        "value": "First hint",
      },
    ],
    "position": {
      "end": {
        "column": 11,
        "line": 19,
        "offset": 142,
      },
      "start": {
        "column": 1,
        "line": 19,
        "offset": 132,
      },
    },
    "type": "paragraph",
  },
  {
    "lang": "js",
    "meta": null,
    "position": {
      "end": {
        "column": 4,
        "line": 23,
        "offset": 166,
      },
      "start": {
        "column": 1,
        "line": 21,
        "offset": 144,
      },
    },
    "type": "code",
    "value": "// test code",
  },
  {
    "children": [
      {
        "position": {
          "end": {
            "column": 18,
            "line": 25,
            "offset": 185,
          },
          "start": {
            "column": 1,
            "line": 25,
            "offset": 168,
          },
        },
        "type": "text",
        "value": "Second hint with ",
      },
      {
        "position": {
          "end": {
            "column": 24,
            "line": 25,
            "offset": 191,
          },
          "start": {
            "column": 18,
            "line": 25,
            "offset": 185,
          },
        },
        "type": "html",
        "value": "<code>",
      },
      {
        "position": {
          "end": {
            "column": 28,
            "line": 25,
            "offset": 195,
          },
          "start": {
            "column": 24,
            "line": 25,
            "offset": 191,
          },
        },
        "type": "text",
        "value": "code",
      },
      {
        "position": {
          "end": {
            "column": 35,
            "line": 25,
            "offset": 202,
          },
          "start": {
            "column": 28,
            "line": 25,
            "offset": 195,
          },
        },
        "type": "html",
        "value": "</code>",
      },
    ],
    "position": {
      "end": {
        "column": 35,
        "line": 25,
        "offset": 202,
      },
      "start": {
        "column": 1,
        "line": 25,
        "offset": 168,
      },
    },
    "type": "paragraph",
  },
  {
    "lang": "js",
    "meta": null,
    "position": {
      "end": {
        "column": 4,
        "line": 29,
        "offset": 231,
      },
      "start": {
        "column": 1,
        "line": 27,
        "offset": 204,
      },
    },
    "type": "code",
    "value": "// more test code",
  },
  {
    "children": [
      {
        "position": {
          "end": {
            "column": 7,
            "line": 31,
            "offset": 239,
          },
          "start": {
            "column": 1,
            "line": 31,
            "offset": 233,
          },
        },
        "type": "text",
        "value": "Third ",
      },
      {
        "children": [
          {
            "position": {
              "end": {
                "column": 12,
                "line": 31,
                "offset": 244,
              },
              "start": {
                "column": 8,
                "line": 31,
                "offset": 240,
              },
            },
            "type": "text",
            "value": "hint",
          },
        ],
        "position": {
          "end": {
            "column": 13,
            "line": 31,
            "offset": 245,
          },
          "start": {
            "column": 7,
            "line": 31,
            "offset": 239,
          },
        },
        "type": "emphasis",
      },
      {
        "position": {
          "end": {
            "column": 19,
            "line": 31,
            "offset": 251,
          },
          "start": {
            "column": 13,
            "line": 31,
            "offset": 245,
          },
        },
        "type": "text",
        "value": " with ",
      },
      {
        "position": {
          "end": {
            "column": 25,
            "line": 31,
            "offset": 257,
          },
          "start": {
            "column": 19,
            "line": 31,
            "offset": 251,
          },
        },
        "type": "html",
        "value": "<code>",
      },
      {
        "position": {
          "end": {
            "column": 29,
            "line": 31,
            "offset": 261,
          },
          "start": {
            "column": 25,
            "line": 31,
            "offset": 257,
          },
        },
        "type": "text",
        "value": "code",
      },
      {
        "position": {
          "end": {
            "column": 36,
            "line": 31,
            "offset": 268,
          },
          "start": {
            "column": 29,
            "line": 31,
            "offset": 261,
          },
        },
        "type": "html",
        "value": "</code>",
      },
      {
        "position": {
          "end": {
            "column": 41,
            "line": 31,
            "offset": 273,
          },
          "start": {
            "column": 36,
            "line": 31,
            "offset": 268,
          },
        },
        "type": "text",
        "value": " and ",
      },
      {
        "position": {
          "end": {
            "column": 54,
            "line": 31,
            "offset": 286,
          },
          "start": {
            "column": 41,
            "line": 31,
            "offset": 273,
          },
        },
        "type": "inlineCode",
        "value": "inline code",
      },
    ],
    "position": {
      "end": {
        "column": 54,
        "line": 31,
        "offset": 286,
      },
      "start": {
        "column": 1,
        "line": 31,
        "offset": 233,
      },
    },
    "type": "paragraph",
  },
  {
    "lang": "js",
    "meta": null,
    "position": {
      "end": {
        "column": 4,
        "line": 38,
        "offset": 353,
      },
      "start": {
        "column": 1,
        "line": 33,
        "offset": 288,
      },
    },
    "type": "code",
    "value": "// more test code
if(let x of xs) {
  console.log(x);
}",
  },
]
`;

exports[`getSection should match the instructions snapshot 1`] = `
[
  {
    "children": [
      {
        "position": {
          "end": {
            "column": 12,
            "line": 11,
            "offset": 89,
          },
          "start": {
            "column": 1,
            "line": 11,
            "offset": 78,
          },
        },
        "type": "text",
        "value": "Paragraph 0",
      },
    ],
    "position": {
      "end": {
        "column": 12,
        "line": 11,
        "offset": 89,
      },
      "start": {
        "column": 1,
        "line": 11,
        "offset": 78,
      },
    },
    "type": "paragraph",
  },
  {
    "lang": "html",
    "meta": null,
    "position": {
      "end": {
        "column": 4,
        "line": 15,
        "offset": 117,
      },
      "start": {
        "column": 1,
        "line": 13,
        "offset": 91,
      },
    },
    "type": "code",
    "value": "code example 0",
  },
]
`;
