// Jest Snapshot v1, https://goo.gl/fbAQLP

exports[`<BlockSaveButton /> snapshot 1`] = `
<div>
  <button
    class=" relative inline-block mt-[0.5px] border-solid border-3 active:before:w-full active:before:h-full active:before:absolute active:before:inset-0 active:before:border-3 active:before:border-transparent active:before:bg-gray-900 active:before:opacity-20 text-center cursor-pointer no-underline block w-full bg-background-quaternary text-foreground-secondary border-foreground-secondary hover:bg-foreground-primary hover:text-background-primary hover:border-foreground-secondary dark:hover:bg-background-primary dark:hover:text-foreground-primary px-3 py-1.5 text-md"
    type="submit"
  >
    buttons.save
  </button>
</div>
`;
